{
    "source": "crossref",
    "contribs": [
        {
            "extra": {},
            "given_name": "Mostafa H.",
            "index": 0,
            "raw_name": "Mostafa H. Ahmed",
            "role": "author",
            "surname": "Ahmed"
        },
        {
            "extra": {},
            "given_name": "Mohini S.",
            "index": 1,
            "raw_name": "Mohini S. Ghatge",
            "role": "author",
            "surname": "Ghatge"
        },
        {
            "extra": {},
            "given_name": "Martin K.",
            "index": 2,
            "raw_name": "Martin K. Safo",
            "role": "author",
            "surname": "Safo"
        }
    ],
    "ext_ids": {
        "doi": "10.1007/978-3-030-41769-7_14"
    },
    "extra": {
        "arxiv": {},
        "dblp": {},
        "openalex": {
            "open_access": {}
        },
        "crossref": {
            "subject": [
                "container:Subcellular Biochemistry"
            ]
        },
        "oai": {}
    },
    "id": "crossref-0ddb821f898785fe7c2ea7e45bb4fb2df3a912dc",
    "pages": "345-382",
    "publisher": "Springer International Publishing",
    "release_date": "2020-01-01",
    "release_type": "chapter",
    "release_year": 2020,
    "title": "Hemoglobin: Structure, Function and Allostery"
}